src/components/sections/Hero.tsx(12,40): error TS2305: Module '"react-icons/si"' has no exported member 'SiVisualstudiocode'.
